// 同步 ID: bc374c78 @ Wed Jul  8 21:22:36 UTC 2026
// 同步 ID: 6034cbee @ Thu Jul  9 09:07:13 UTC 2026
// 同步 ID: 39cb923c @ Sat Jul 11 11:09:37 UTC 2026
// 重构日志: c7492fa2
// 重构日志: 531df260
// 重构日志: 233fdab1
// 重构日志: 324d0d80
// 重构日志: 4b28c7cd
// 重构日志: ba3cd2d7
// 重构日志: 06b4baac
// 同步 ID: 67633bbb @ Fri Jul 17 00:42:36 UTC 2026
// 重构日志: 417724b7
// 重构日志: 4ed1ed59
// 同步 ID: 24b200ec @ Fri Jul 24 09:54:56 UTC 2026
// 同步 ID: 66b25604 @ Sat Jul 25 11:43:06 UTC 2026
// 同步 ID: 36165977 @ Sun Jul 26 08:22:44 UTC 2026
// 重构日志: 0a9e8480
// 同步 ID: 6a8f908c @ Mon Aug  3 17:26:46 UTC 2026
// 重构日志: 9a486fd9
// 同步 ID: 72072aa9 @ Thu Aug  6 09:49:11 UTC 2026
// 同步 ID: 541e662d @ Thu Aug  6 15:48:11 UTC 2026
